Archive member included to satisfy reference by file (symbol)

c:/st/stm32cubeide_1.3.0/stm32cubeide/plugins/com.st.stm32cube.ide.mcu.externaltools.gnu-tools-for-stm32.7-2018-q2-update.win32_1.0.0.201904181610/tools/bin/../lib/gcc/arm-none-eabi/7.3.1/../../../../arm-none-eabi/lib/thumb/v6-m\libc_nano.a(lib_a-errno.o)
                              Core/Src/syscalls.o (__errno)
c:/st/stm32cubeide_1.3.0/stm32cubeide/plugins/com.st.stm32cube.ide.mcu.externaltools.gnu-tools-for-stm32.7-2018-q2-update.win32_1.0.0.201904181610/tools/bin/../lib/gcc/arm-none-eabi/7.3.1/../../../../arm-none-eabi/lib/thumb/v6-m\libc_nano.a(lib_a-exit.o)
                              c:/st/stm32cubeide_1.3.0/stm32cubeide/plugins/com.st.stm32cube.ide.mcu.externaltools.gnu-tools-for-stm32.7-2018-q2-update.win32_1.0.0.201904181610/tools/bin/../lib/gcc/arm-none-eabi/7.3.1/../../../../arm-none-eabi/lib/thumb/v6-m/crt0.o (exit)
c:/st/stm32cubeide_1.3.0/stm32cubeide/plugins/com.st.stm32cube.ide.mcu.externaltools.gnu-tools-for-stm32.7-2018-q2-update.win32_1.0.0.201904181610/tools/bin/../lib/gcc/arm-none-eabi/7.3.1/../../../../arm-none-eabi/lib/thumb/v6-m\libc_nano.a(lib_a-impure.o)
                              c:/st/stm32cubeide_1.3.0/stm32cubeide/plugins/com.st.stm32cube.ide.mcu.externaltools.gnu-tools-for-stm32.7-2018-q2-update.win32_1.0.0.201904181610/tools/bin/../lib/gcc/arm-none-eabi/7.3.1/../../../../arm-none-eabi/lib/thumb/v6-m\libc_nano.a(lib_a-exit.o) (_global_impure_ptr)
c:/st/stm32cubeide_1.3.0/stm32cubeide/plugins/com.st.stm32cube.ide.mcu.externaltools.gnu-tools-for-stm32.7-2018-q2-update.win32_1.0.0.201904181610/tools/bin/../lib/gcc/arm-none-eabi/7.3.1/../../../../arm-none-eabi/lib/thumb/v6-m\libc_nano.a(lib_a-init.o)
                              c:/st/stm32cubeide_1.3.0/stm32cubeide/plugins/com.st.stm32cube.ide.mcu.externaltools.gnu-tools-for-stm32.7-2018-q2-update.win32_1.0.0.201904181610/tools/bin/../lib/gcc/arm-none-eabi/7.3.1/../../../../arm-none-eabi/lib/thumb/v6-m/crt0.o (__libc_init_array)
c:/st/stm32cubeide_1.3.0/stm32cubeide/plugins/com.st.stm32cube.ide.mcu.externaltools.gnu-tools-for-stm32.7-2018-q2-update.win32_1.0.0.201904181610/tools/bin/../lib/gcc/arm-none-eabi/7.3.1/../../../../arm-none-eabi/lib/thumb/v6-m\libc_nano.a(lib_a-malloc.o)
                              Core/Src/BC_95/bc95_work_functions.o (malloc)
c:/st/stm32cubeide_1.3.0/stm32cubeide/plugins/com.st.stm32cube.ide.mcu.externaltools.gnu-tools-for-stm32.7-2018-q2-update.win32_1.0.0.201904181610/tools/bin/../lib/gcc/arm-none-eabi/7.3.1/../../../../arm-none-eabi/lib/thumb/v6-m\libc_nano.a(lib_a-memcpy-stub.o)
                              Core/Src/BC_95/bc95_work_functions.o (memcpy)
c:/st/stm32cubeide_1.3.0/stm32cubeide/plugins/com.st.stm32cube.ide.mcu.externaltools.gnu-tools-for-stm32.7-2018-q2-update.win32_1.0.0.201904181610/tools/bin/../lib/gcc/arm-none-eabi/7.3.1/../../../../arm-none-eabi/lib/thumb/v6-m\libc_nano.a(lib_a-memset.o)
                              c:/st/stm32cubeide_1.3.0/stm32cubeide/plugins/com.st.stm32cube.ide.mcu.externaltools.gnu-tools-for-stm32.7-2018-q2-update.win32_1.0.0.201904181610/tools/bin/../lib/gcc/arm-none-eabi/7.3.1/../../../../arm-none-eabi/lib/thumb/v6-m/crt0.o (memset)
c:/st/stm32cubeide_1.3.0/stm32cubeide/plugins/com.st.stm32cube.ide.mcu.externaltools.gnu-tools-for-stm32.7-2018-q2-update.win32_1.0.0.201904181610/tools/bin/../lib/gcc/arm-none-eabi/7.3.1/../../../../arm-none-eabi/lib/thumb/v6-m\libc_nano.a(lib_a-nano-freer.o)
                              c:/st/stm32cubeide_1.3.0/stm32cubeide/plugins/com.st.stm32cube.ide.mcu.externaltools.gnu-tools-for-stm32.7-2018-q2-update.win32_1.0.0.201904181610/tools/bin/../lib/gcc/arm-none-eabi/7.3.1/../../../../arm-none-eabi/lib/thumb/v6-m\libc_nano.a(lib_a-malloc.o) (_free_r)
c:/st/stm32cubeide_1.3.0/stm32cubeide/plugins/com.st.stm32cube.ide.mcu.externaltools.gnu-tools-for-stm32.7-2018-q2-update.win32_1.0.0.201904181610/tools/bin/../lib/gcc/arm-none-eabi/7.3.1/../../../../arm-none-eabi/lib/thumb/v6-m\libc_nano.a(lib_a-nano-mallocr.o)
                              c:/st/stm32cubeide_1.3.0/stm32cubeide/plugins/com.st.stm32cube.ide.mcu.externaltools.gnu-tools-for-stm32.7-2018-q2-update.win32_1.0.0.201904181610/tools/bin/../lib/gcc/arm-none-eabi/7.3.1/../../../../arm-none-eabi/lib/thumb/v6-m\libc_nano.a(lib_a-malloc.o) (_malloc_r)
c:/st/stm32cubeide_1.3.0/stm32cubeide/plugins/com.st.stm32cube.ide.mcu.externaltools.gnu-tools-for-stm32.7-2018-q2-update.win32_1.0.0.201904181610/tools/bin/../lib/gcc/arm-none-eabi/7.3.1/../../../../arm-none-eabi/lib/thumb/v6-m\libc_nano.a(lib_a-printf.o)
                              Core/Src/BC_95/bc.95.o (printf)
c:/st/stm32cubeide_1.3.0/stm32cubeide/plugins/com.st.stm32cube.ide.mcu.externaltools.gnu-tools-for-stm32.7-2018-q2-update.win32_1.0.0.201904181610/tools/bin/../lib/gcc/arm-none-eabi/7.3.1/../../../../arm-none-eabi/lib/thumb/v6-m\libc_nano.a(lib_a-puts.o)
                              Core/Src/BMA_400/spi_bma_interface.o (puts)
[...]
Memory Configuration

Name             Origin             Length             Attributes
RAM              0x0000000020000000 0x0000000000005000 xrw
FLASH            0x0000000008000000 0x0000000000020000 xr
*default*        0x0000000000000000 0xffffffffffffffff

Linker script and memory map

LOAD c:/st/stm32cubeide_1.3.0/stm32cubeide/plugins/com.st.stm32cube.ide.mcu.externaltools.gnu-tools-for-stm32.7-2018-q2-update.win32_1.0.0.201904181610/tools/bin/../lib/gcc/arm-none-eabi/7.3.1/thumb/v6-m/crti.o
LOAD c:/st/stm32cubeide_1.3.0/stm32cubeide/plugins/com.st.stm32cube.ide.mcu.externaltools.gnu-tools-for-stm32.7-2018-q2-update.win32_1.0.0.201904181610/tools/bin/../lib/gcc/arm-none-eabi/7.3.1/thumb/v6-m/crtbegin.o
LOAD c:/st/stm32cubeide_1.3.0/stm32cubeide/plugins/com.st.stm32cube.ide.mcu.externaltools.gnu-tools-for-stm32.7-2018-q2-update.win32_1.0.0.201904181610/tools/bin/../lib/gcc/arm-none-eabi/7.3.1/../../../../arm-none-eabi/lib/thumb/v6-m/crt0.o
LOAD Core/Src/BC_95/at_commands_functions.o
LOAD Core/Src/BC_95/bc.95.o
LOAD Core/Src/BC_95/bc95_work_functions.o
LOAD Core/Src/BMA_400/bma400.o
LOAD Core/Src/BMA_400/bma400_work_functions.o
LOAD Core/Src/BMA_400/interrupt_bma400.o
LOAD Core/Src/BMA_400/spi_bma_interface.o
LOAD Core/Src/data_queue.o
LOAD Core/Src/main.o
LOAD Core/Src/stm32l0xx_hal_msp.o
LOAD Core/Src/stm32l0xx_it.o
LOAD Core/Src/syscalls.o
LOAD Core/Src/sysmem.o
LOAD Core/Src/system_stm32l0xx.o
LOAD Core/Startup/startup_stm32l071rbtx.o
LOAD Drivers/STM32L0xx_HAL_Driver/Src/stm32l0xx_hal.o
LOAD Drivers/STM32L0xx_HAL_Driver/Src/stm32l0xx_hal_cortex.o
LOAD Drivers/STM32L0xx_HAL_Driver/Src/stm32l0xx_hal_dma.o
LOAD Drivers/STM32L0xx_HAL_Driver/Src/stm32l0xx_hal_flash.o
LOAD Drivers/STM32L0xx_HAL_Driver/Src/stm32l0xx_hal_flash_ex.o
LOAD Drivers/STM32L0xx_HAL_Driver/Src/stm32l0xx_hal_flash_ramfunc.o
LOAD Drivers/STM32L0xx_HAL_Driver/Src/stm32l0xx_hal_gpio.o
LOAD Drivers/STM32L0xx_HAL_Driver/Src/stm32l0xx_hal_i2c.o
LOAD Drivers/STM32L0xx_HAL_Driver/Src/stm32l0xx_hal_i2c_ex.o
LOAD Drivers/STM32L0xx_HAL_Driver/Src/stm32l0xx_hal_pwr.o
LOAD Drivers/STM32L0xx_HAL_Driver/Src/stm32l0xx_hal_pwr_ex.o
LOAD Drivers/STM32L0xx_HAL_Driver/Src/stm32l0xx_hal_rcc.o
LOAD Drivers/STM32L0xx_HAL_Driver/Src/stm32l0xx_hal_rcc_ex.o
LOAD Drivers/STM32L0xx_HAL_Driver/Src/stm32l0xx_hal_spi.o
LOAD Drivers/STM32L0xx_HAL_Driver/Src/stm32l0xx_hal_tim.o
LOAD Drivers/STM32L0xx_HAL_Driver/Src/stm32l0xx_hal_tim_ex.o
LOAD Drivers/STM32L0xx_HAL_Driver/Src/stm32l0xx_hal_uart.o
LOAD Drivers/STM32L0xx_HAL_Driver/Src/stm32l0xx_hal_uart_ex.o
START GROUP
LOAD c:/st/stm32cubeide_1.3.0/stm32cubeide/plugins/com.st.stm32cube.ide.mcu.externaltools.gnu-tools-for-stm32.7-2018-q2-update.win32_1.0.0.201904181610/tools/bin/../lib/gcc/arm-none-eabi/7.3.1/../../../../arm-none-eabi/lib/thumb/v6-m\libc_nano.a
LOAD c:/st/stm32cubeide_1.3.0/stm32cubeide/plugins/com.st.stm32cube.ide.mcu.externaltools.gnu-tools-for-stm32.7-2018-q2-update.win32_1.0.0.201904181610/tools/bin/../lib/gcc/arm-none-eabi/7.3.1/../../../../arm-none-eabi/lib/thumb/v6-m\libm.a
END GROUP
START GROUP
LOAD c:/st/stm32cubeide_1.3.0/stm32cubeide/plugins/com.st.stm32cube.ide.mcu.externaltools.gnu-tools-for-stm32.7-2018-q2-update.win32_1.0.0.201904181610/tools/bin/../lib/gcc/arm-none-eabi/7.3.1/thumb/v6-m\libgcc.a
LOAD c:/st/stm32cubeide_1.3.0/stm32cubeide/plugins/com.st.stm32cube.ide.mcu.externaltools.gnu-tools-for-stm32.7-2018-q2-update.win32_1.0.0.201904181610/tools/bin/../lib/gcc/arm-none-eabi/7.3.1/../../../../arm-none-eabi/lib/thumb/v6-m\libc_nano.a
END GROUP
START GROUP
LOAD c:/st/stm32cubeide_1.3.0/stm32cubeide/plugins/com.st.stm32cube.ide.mcu.externaltools.gnu-tools-for-stm32.7-2018-q2-update.win32_1.0.0.201904181610/tools/bin/../lib/gcc/arm-none-eabi/7.3.1/thumb/v6-m\libgcc.a
LOAD c:/st/stm32cubeide_1.3.0/stm32cubeide/plugins/com.st.stm32cube.ide.mcu.externaltools.gnu-tools-for-stm32.7-2018-q2-update.win32_1.0.0.201904181610/tools/bin/../lib/gcc/arm-none-eabi/7.3.1/../../../../arm-none-eabi/lib/thumb/v6-m\libc_nano.a
LOAD c:/st/stm32cubeide_1.3.0/stm32cubeide/plugins/com.st.stm32cube.ide.mcu.externaltools.gnu-tools-for-stm32.7-2018-q2-update.win32_1.0.0.201904181610/tools/bin/../lib/gcc/arm-none-eabi/7.3.1/../../../../arm-none-eabi/lib/thumb/v6-m\libnosys.a
END GROUP
START GROUP
LOAD c:/st/stm32cubeide_1.3.0/stm32cubeide/plugins/com.st.stm32cube.ide.mcu.externaltools.gnu-tools-for-stm32.7-2018-q2-update.win32_1.0.0.201904181610/tools/bin/../lib/gcc/arm-none-eabi/7.3.1/thumb/v6-m\libgcc.a
LOAD c:/st/stm32cubeide_1.3.0/stm32cubeide/plugins/com.st.stm32cube.ide.mcu.externaltools.gnu-tools-for-stm32.7-2018-q2-update.win32_1.0.0.201904181610/tools/bin/../lib/gcc/arm-none-eabi/7.3.1/../../../../arm-none-eabi/lib/thumb/v6-m\libc_nano.a
LOAD c:/st/stm32cubeide_1.3.0/stm32cubeide/plugins/com.st.stm32cube.ide.mcu.externaltools.gnu-tools-for-stm32.7-2018-q2-update.win32_1.0.0.201904181610/tools/bin/../lib/gcc/arm-none-eabi/7.3.1/../../../../arm-none-eabi/lib/thumb/v6-m\libnosys.a
END GROUP
LOAD c:/st/stm32cubeide_1.3.0/stm32cubeide/plugins/com.st.stm32cube.ide.mcu.externaltools.gnu-tools-for-stm32.7-2018-q2-update.win32_1.0.0.201904181610/tools/bin/../lib/gcc/arm-none-eabi/7.3.1/thumb/v6-m/crtend.o
LOAD c:/st/stm32cubeide_1.3.0/stm32cubeide/plugins/com.st.stm32cube.ide.mcu.externaltools.gnu-tools-for-stm32.7-2018-q2-update.win32_1.0.0.201904181610/tools/bin/../lib/gcc/arm-none-eabi/7.3.1/thumb/v6-m/crtn.o
                0x0000000020005000                _estack = (ORIGIN (RAM) + LENGTH (RAM))
                0x0000000000000200                _Min_Heap_Size = 0x200
                0x0000000000000400                _Min_Stack_Size = 0x400

.isr_vector     0x0000000008000000       0xc0
                0x0000000008000000                . = ALIGN (0x4)
 *(.isr_vector)
 .isr_vector    0x0000000008000000       0xc0 Core/Startup/startup_stm32l071rbtx.o
                0x0000000008000000                g_pfnVectors
                0x00000000080000c0                . = ALIGN (0x4)

.text           0x00000000080000c0     0x3c58
                0x00000000080000c0                . = ALIGN (0x4)
 *(.text)
 .text          0x00000000080000c0       0x48 c:/st/stm32cubeide_1.3.0/stm32cubeide/plugins/com.st.stm32cube.ide.mcu.externaltools.gnu-tools-for-stm32.7-2018-q2-update.win32_1.0.0.201904181610/tools/bin/../lib/gcc/arm-none-eabi/7.3.1/thumb/v6-m/crtbegin.o
 .text          0x0000000008000108      0x114 c:/st/stm32cubeide_1.3.0/stm32cubeide/plugins/com.st.stm32cube.ide.mcu.externaltools.gnu-tools-for-stm32.7-2018-q2-update.win32_1.0.0.201904181610/tools/bin/../lib/gcc/arm-none-eabi/7.3.1/thumb/v6-m\libgcc.a(_udivsi3.o)
                0x0000000008000108                __aeabi_uidiv
                0x0000000008000108                __udivsi3
                0x0000000008000214                __aeabi_uidivmod
 .text          0x000000000800021c        0x4 c:/st/stm32cubeide_1.3.0/stm32cubeide/plugins/com.st.stm32cube.ide.mcu.externaltools.gnu-tools-for-stm32.7-2018-q2-update.win32_1.0.0.201904181610/tools/bin/../lib/gcc/arm-none-eabi/7.3.1/thumb/v6-m\libgcc.a(_dvmd_tls.o)
                0x000000000800021c                __aeabi_idiv0
                0x000000000800021c                __aeabi_ldiv0
 .text          0x0000000008000220       0x40 c:/st/stm32cubeide_1.3.0/stm32cubeide/plugins/com.st.stm32cube.ide.mcu.externaltools.gnu-tools-for-stm32.7-2018-q2-update.win32_1.0.0.201904181610/tools/bin/../lib/gcc/arm-none-eabi/7.3.1/thumb/v6-m\libgcc.a(_aeabi_uldivmod.o)
                0x0000000008000220                __aeabi_uldivmod
 .text          0x0000000008000260      0x184 c:/st/stm32cubeide_1.3.0/stm32cubeide/plugins/com.st.stm32cube.ide.mcu.externaltools.gnu-tools-for-stm32.7-2018-q2-update.win32_1.0.0.201904181610/tools/bin/../lib/gcc/arm-none-eabi/7.3.1/thumb/v6-m\libgcc.a(_udivmoddi4.o)
                0x0000000008000260                __udivmoddi4
 .text          0x00000000080003e4       0x18 c:/st/stm32cubeide_1.3.0/stm32cubeide/plugins/com.st.stm32cube.ide.mcu.externaltools.gnu-tools-for-stm32.7-2018-q2-update.win32_1.0.0.201904181610/tools/bin/../lib/gcc/arm-none-eabi/7.3.1/thumb/v6-m\libgcc.a(_clzdi2.o)
                0x00000000080003e4                __clzdi2
 .text          0x00000000080003fc       0x3c c:/st/stm32cubeide_1.3.0/stm32cubeide/plugins/com.st.stm32cube.ide.mcu.externaltools.gnu-tools-for-stm32.7-2018-q2-update.win32_1.0.0.201904181610/tools/bin/../lib/gcc/arm-none-eabi/7.3.1/thumb/v6-m\libgcc.a(_clzsi2.o)
                0x00000000080003fc                __clzsi2
 *(.text*)
 .text.enqueue  0x0000000008000438       0x18 Core/Src/data_queue.o
                0x0000000008000438                enqueue
 .text.dequeue  0x0000000008000450       0x38 Core/Src/data_queue.o
                0x0000000008000450                dequeue
 .text.clear_queue
                0x0000000008000488       0x2e Core/Src/data_queue.o
                0x0000000008000488                clear_queue
 *fill*         0x00000000080004b6        0x2 
 .text.main     0x00000000080004b8      0x1f4 Core/Src/main.o
                0x00000000080004b8                main
 .text.HAL_UART_RxCpltCallback
                0x00000000080006ac       0x6c Core/Src/main.o
                0x00000000080006ac                HAL_UART_RxCpltCallback
 .text.HAL_UART_TxCpltCallback
                0x0000000008000718       0x48 Core/Src/main.o
                0x0000000008000718                HAL_UART_TxCpltCallback
 .text.HAL_UART_AbortReceiveCpltCallback
                0x0000000008000760       0x5c Core/Src/main.o
                0x0000000008000760                HAL_UART_AbortReceiveCpltCallback
 .text.HAL_TIM_PeriodElapsedCallback
                0x00000000080007bc       0x90 Core/Src/main.o
                0x00000000080007bc                HAL_TIM_PeriodElapsedCallback
 .text.SystemClock_Config
                0x000000000800084c       0xe8 Core/Src/main.o
                0x000000000800084c                SystemClock_Config
 .text.MX_SPI2_Init
                0x0000000008000934       0x70 Core/Src/main.o
 .text.MX_TIM2_Init
                0x00000000080009a4       0xac Core/Src/main.o
 .text.MX_USART1_UART_Init
                0x0000000008000a50       0x60 Core/Src/main.o
 .text.MX_USART2_UART_Init
                0x0000000008000ab0       0x60 Core/Src/main.o
 .text.MX_GPIO_Init
                0x0000000008000b10       0xbc Core/Src/main.o
 .text.Error_Handler
                0x0000000008000bcc        0xa Core/Src/main.o
                0x0000000008000bcc                Error_Handler
 *fill*         0x0000000008000bd6        0x2 
 .text.HAL_MspInit
                0x0000000008000bd8       0x28 Core/Src/stm32l0xx_hal_msp.o
                0x0000000008000bd8                HAL_MspInit
 .text.HAL_SPI_MspInit
                0x0000000008000c00       0x8c Core/Src/stm32l0xx_hal_msp.o
                0x0000000008000c00                HAL_SPI_MspInit
 .text.HAL_TIM_Base_MspInit
                0x0000000008000c8c       0x3c Core/Src/stm32l0xx_hal_msp.o
                0x0000000008000c8c                HAL_TIM_Base_MspInit
 .text.HAL_UART_MspInit
                0x0000000008000cc8       0xfc Core/Src/stm32l0xx_hal_msp.o
                0x0000000008000cc8                HAL_UART_MspInit
 .text.NMI_Handler
                0x0000000008000dc4        0xa Core/Src/stm32l0xx_it.o
                0x0000000008000dc4                NMI_Handler
 .text.HardFault_Handler
                0x0000000008000dce        0x6 Core/Src/stm32l0xx_it.o
                0x0000000008000dce                HardFault_Handler
 .text.SVC_Handler
                0x0000000008000dd4        0xa Core/Src/stm32l0xx_it.o
                0x0000000008000dd4                SVC_Handler
 .text.PendSV_Handler
                0x0000000008000dde        0xa Core/Src/stm32l0xx_it.o
                0x0000000008000dde                PendSV_Handler
 .text.SysTick_Handler
                0x0000000008000de8        0xe Core/Src/stm32l0xx_it.o
                0x0000000008000de8                SysTick_Handler
 *fill*         0x0000000008000df6        0x2 
 .text.TIM2_IRQHandler
                0x0000000008000df8       0x18 Core/Src/stm32l0xx_it.o
                0x0000000008000df8                TIM2_IRQHandler
 .text.USART1_IRQHandler
                0x0000000008000e10       0x18 Core/Src/stm32l0xx_it.o
                0x0000000008000e10                USART1_IRQHandler
 .text.SystemInit
                0x0000000008000e28       0x7c Core/Src/system_stm32l0xx.o
                0x0000000008000e28                SystemInit
 .text.Reset_Handler
                0x0000000008000ea4       0x50 Core/Startup/startup_stm32l071rbtx.o
                0x0000000008000ea4                Reset_Handler
 .text.Default_Handler
                0x0000000008000ef4        0x2 Core/Startup/startup_stm32l071rbtx.o
                0x0000000008000ef4                ADC1_COMP_IRQHandler
                0x0000000008000ef4                TIM6_IRQHandler
                0x0000000008000ef4                PVD_IRQHandler
                0x0000000008000ef4                I2C1_IRQHandler
                0x0000000008000ef4                SPI1_IRQHandler
                0x0000000008000ef4                EXTI2_3_IRQHandler
                0x0000000008000ef4                I2C2_IRQHandler
                0x0000000008000ef4                RTC_IRQHandler
                0x0000000008000ef4                DMA1_Channel4_5_6_7_IRQHandler
                0x0000000008000ef4                TIM3_IRQHandler
                0x0000000008000ef4                EXTI4_15_IRQHandler
                0x0000000008000ef4                RCC_IRQHandler
                0x0000000008000ef4                DMA1_Channel1_IRQHandler
                0x0000000008000ef4                USART4_5_IRQHandler
                0x0000000008000ef4                Default_Handler
                0x0000000008000ef4                TIM22_IRQHandler
                0x0000000008000ef4                TIM7_IRQHandler
                0x0000000008000ef4                EXTI0_1_IRQHandler
                0x0000000008000ef4                I2C3_IRQHandler
                0x0000000008000ef4                SPI2_IRQHandler
                0x0000000008000ef4                TIM21_IRQHandler
                0x0000000008000ef4                WWDG_IRQHandler
                0x0000000008000ef4                LPUART1_IRQHandler
                0x0000000008000ef4                DMA1_Channel2_3_IRQHandler
                0x0000000008000ef4                USART2_IRQHandler
                0x0000000008000ef4                FLASH_IRQHandler
                0x0000000008000ef4                LPTIM1_IRQHandler
 *fill*         0x0000000008000ef6        0x2 
 .text.HAL_Init
                0x0000000008000ef8       0x40 Drivers/STM32L0xx_HAL_Driver/Src/stm32l0xx_hal.o
                0x0000000008000ef8                HAL_Init
 .text.HAL_InitTick
                0x0000000008000f38       0x54 Drivers/STM32L0xx_HAL_Driver/Src/stm32l0xx_hal.o
                0x0000000008000f38                HAL_InitTick
 .text.HAL_IncTick
                0x0000000008000f8c       0x18 Drivers/STM32L0xx_HAL_Driver/Src/stm32l0xx_hal.o
                0x0000000008000f8c                HAL_IncTick
 .text.HAL_GetTick
                0x0000000008000fa4       0x14 Drivers/STM32L0xx_HAL_Driver/Src/stm32l0xx_hal.o
                0x0000000008000fa4                HAL_GetTick
 .text.NVIC_EnableIRQ
                0x0000000008000fb8       0x2c Drivers/STM32L0xx_HAL_Driver/Src/stm32l0xx_hal_cortex.o
 .text.NVIC_SetPriority
                0x0000000008000fe4       0xdc Drivers/STM32L0xx_HAL_Driver/Src/stm32l0xx_hal_cortex.o
 .text.SysTick_Config
                0x00000000080010c0       0x48 Drivers/STM32L0xx_HAL_Driver/Src/stm32l0xx_hal_cortex.o
 .text.HAL_NVIC_SetPriority
                0x0000000008001108       0x2a Drivers/STM32L0xx_HAL_Driver/Src/stm32l0xx_hal_cortex.o
                0x0000000008001108                HAL_NVIC_SetPriority
 .text.HAL_NVIC_EnableIRQ
                0x0000000008001132       0x20 Drivers/STM32L0xx_HAL_Driver/Src/stm32l0xx_hal_cortex.o
                0x0000000008001132                HAL_NVIC_EnableIRQ
 .text.HAL_SYSTICK_Config
                0x0000000008001152       0x1a Drivers/STM32L0xx_HAL_Driver/Src/stm32l0xx_hal_cortex.o
                0x0000000008001152                HAL_SYSTICK_Config
 .text.HAL_DMA_Abort_IT
                0x000000000800116c       0x90 Drivers/STM32L0xx_HAL_Driver/Src/stm32l0xx_hal_dma.o
                0x000000000800116c                HAL_DMA_Abort_IT
 .text.HAL_GPIO_Init
                0x00000000080011fc      0x2fc Drivers/STM32L0xx_HAL_Driver/Src/stm32l0xx_hal_gpio.o
                0x00000000080011fc                HAL_GPIO_Init
 .text.HAL_GPIO_WritePin
                0x00000000080014f8       0x3a Drivers/STM32L0xx_HAL_Driver/Src/stm32l0xx_hal_gpio.o
                0x00000000080014f8                HAL_GPIO_WritePin
 .text.HAL_GPIO_TogglePin
                0x0000000008001532       0x24 Drivers/STM32L0xx_HAL_Driver/Src/stm32l0xx_hal_gpio.o
                0x0000000008001532                HAL_GPIO_TogglePin
 *fill*         0x0000000008001556        0x2 
 .text.HAL_RCC_OscConfig
                0x0000000008001558      0x6f4 Drivers/STM32L0xx_HAL_Driver/Src/stm32l0xx_hal_rcc.o
                0x0000000008001558                HAL_RCC_OscConfig
 .text.HAL_RCC_ClockConfig
                0x0000000008001c4c      0x254 Drivers/STM32L0xx_HAL_Driver/Src/stm32l0xx_hal_rcc.o
                0x0000000008001c4c                HAL_RCC_ClockConfig
 .text.HAL_RCC_GetSysClockFreq
                0x0000000008001ea0      0x104 Drivers/STM32L0xx_HAL_Driver/Src/stm32l0xx_hal_rcc.o
                0x0000000008001ea0                HAL_RCC_GetSysClockFreq
 .text.HAL_RCC_GetHCLKFreq
                0x0000000008001fa4       0x14 Drivers/STM32L0xx_HAL_Driver/Src/stm32l0xx_hal_rcc.o
                0x0000000008001fa4                HAL_RCC_GetHCLKFreq
 .text.HAL_RCC_GetPCLK1Freq
                0x0000000008001fb8       0x2c Drivers/STM32L0xx_HAL_Driver/Src/stm32l0xx_hal_rcc.o
                0x0000000008001fb8                HAL_RCC_GetPCLK1Freq
 .text.HAL_RCC_GetPCLK2Freq
                0x0000000008001fe4       0x2c Drivers/STM32L0xx_HAL_Driver/Src/stm32l0xx_hal_rcc.o
                0x0000000008001fe4                HAL_RCC_GetPCLK2Freq
 .text.HAL_RCCEx_PeriphCLKConfig
                0x0000000008002010      0x28c Drivers/STM32L0xx_HAL_Driver/Src/stm32l0xx_hal_rcc_ex.o
                0x0000000008002010                HAL_RCCEx_PeriphCLKConfig
 .text.HAL_SPI_Init
                0x000000000800229c       0xd4 Drivers/STM32L0xx_HAL_Driver/Src/stm32l0xx_hal_spi.o
                0x000000000800229c                HAL_SPI_Init
 .text.HAL_TIM_Base_Init
                0x0000000008002370       0x58 Drivers/STM32L0xx_HAL_Driver/Src/stm32l0xx_hal_tim.o
                0x0000000008002370                HAL_TIM_Base_Init
 .text.HAL_TIM_Base_Start_IT
                0x00000000080023c8       0x44 Drivers/STM32L0xx_HAL_Driver/Src/stm32l0xx_hal_tim.o
                0x00000000080023c8                HAL_TIM_Base_Start_IT
 .text.HAL_TIM_IRQHandler
                0x000000000800240c      0x1d0 Drivers/STM32L0xx_HAL_Driver/Src/stm32l0xx_hal_tim.o
                0x000000000800240c                HAL_TIM_IRQHandler
 .text.HAL_TIM_ConfigClockSource
                0x00000000080025dc      0x17c Drivers/STM32L0xx_HAL_Driver/Src/stm32l0xx_hal_tim.o
                0x00000000080025dc                HAL_TIM_ConfigClockSource
 .text.HAL_TIM_OC_DelayElapsedCallback
                0x0000000008002758       0x10 Drivers/STM32L0xx_HAL_Driver/Src/stm32l0xx_hal_tim.o
                0x0000000008002758                HAL_TIM_OC_DelayElapsedCallback
 .text.HAL_TIM_IC_CaptureCallback
                0x0000000008002768       0x10 Drivers/STM32L0xx_HAL_Driver/Src/stm32l0xx_hal_tim.o
                0x0000000008002768                HAL_TIM_IC_CaptureCallback
 .text.HAL_TIM_PWM_PulseFinishedCallback
                0x0000000008002778       0x10 Drivers/STM32L0xx_HAL_Driver/Src/stm32l0xx_hal_tim.o
                0x0000000008002778                HAL_TIM_PWM_PulseFinishedCallback
 .text.HAL_TIM_TriggerCallback
                0x0000000008002788       0x10 Drivers/STM32L0xx_HAL_Driver/Src/stm32l0xx_hal_tim.o
                0x0000000008002788                HAL_TIM_TriggerCallback
 .text.TIM_Base_SetConfig
                0x0000000008002798       0xbc Drivers/STM32L0xx_HAL_Driver/Src/stm32l0xx_hal_tim.o
 .text.TIM_TI1_ConfigInputStage
                0x0000000008002854       0x5c Drivers/STM32L0xx_HAL_Driver/Src/stm32l0xx_hal_tim.o
 .text.TIM_TI2_ConfigInputStage
                0x00000000080028b0       0x64 Drivers/STM32L0xx_HAL_Driver/Src/stm32l0xx_hal_tim.o
 .text.TIM_ITRx_SetConfig
                0x0000000008002914       0x32 Drivers/STM32L0xx_HAL_Driver/Src/stm32l0xx_hal_tim.o
 *fill*         0x0000000008002946        0x2 
 .text.TIM_ETR_SetConfig
                0x0000000008002948       0x40 Drivers/STM32L0xx_HAL_Driver/Src/stm32l0xx_hal_tim.o
 .text.HAL_TIMEx_MasterConfigSynchronization
                0x0000000008002988       0x86 Drivers/STM32L0xx_HAL_Driver/Src/stm32l0xx_hal_tim_ex.o
                0x0000000008002988                HAL_TIMEx_MasterConfigSynchronization
 *fill*         0x0000000008002a0e        0x2 
 .text.HAL_UART_Init
                0x0000000008002a10       0xa8 Drivers/STM32L0xx_HAL_Driver/Src/stm32l0xx_hal_uart.o
                0x0000000008002a10                HAL_UART_Init
 .text.HAL_UART_Transmit_IT
                0x0000000008002ab8       0xdc Drivers/STM32L0xx_HAL_Driver/Src/stm32l0xx_hal_uart.o
                0x0000000008002ab8                HAL_UART_Transmit_IT
 .text.HAL_UART_Receive_IT
                0x0000000008002b94      0x170 Drivers/STM32L0xx_HAL_Driver/Src/stm32l0xx_hal_uart.o
                0x0000000008002b94                HAL_UART_Receive_IT
 .text.HAL_UART_AbortReceive_IT
                0x0000000008002d04       0xe0 Drivers/STM32L0xx_HAL_Driver/Src/stm32l0xx_hal_uart.o
                0x0000000008002d04                HAL_UART_AbortReceive_IT
 .text.HAL_UART_IRQHandler
                0x0000000008002de4      0x24c Drivers/STM32L0xx_HAL_Driver/Src/stm32l0xx_hal_uart.o
                0x0000000008002de4                HAL_UART_IRQHandler
 .text.HAL_UART_ErrorCallback
                0x0000000008003030       0x10 Drivers/STM32L0xx_HAL_Driver/Src/stm32l0xx_hal_uart.o
                0x0000000008003030                HAL_UART_ErrorCallback
 .text.HAL_UART_GetState
                0x0000000008003040       0x22 Drivers/STM32L0xx_HAL_Driver/Src/stm32l0xx_hal_uart.o
                0x0000000008003040                HAL_UART_GetState
 *fill*         0x0000000008003062        0x2 
 .text.UART_SetConfig
                0x0000000008003064      0x668 Drivers/STM32L0xx_HAL_Driver/Src/stm32l0xx_hal_uart.o
                0x0000000008003064                UART_SetConfig
 .text.UART_AdvFeatureConfig
                0x00000000080036cc      0x168 Drivers/STM32L0xx_HAL_Driver/Src/stm32l0xx_hal_uart.o
                0x00000000080036cc                UART_AdvFeatureConfig
 .text.UART_CheckIdleState
                0x0000000008003834       0x8c Drivers/STM32L0xx_HAL_Driver/Src/stm32l0xx_hal_uart.o
                0x0000000008003834                UART_CheckIdleState
 .text.UART_WaitOnFlagUntilTimeout
                0x00000000080038c0       0x94 Drivers/STM32L0xx_HAL_Driver/Src/stm32l0xx_hal_uart.o
                0x00000000080038c0                UART_WaitOnFlagUntilTimeout
 .text.UART_EndRxTransfer
                0x0000000008003954       0x40 Drivers/STM32L0xx_HAL_Driver/Src/stm32l0xx_hal_uart.o
 .text.UART_DMAAbortOnError
                0x0000000008003994       0x2e Drivers/STM32L0xx_HAL_Driver/Src/stm32l0xx_hal_uart.o
 .text.UART_DMARxOnlyAbortCallback
                0x00000000080039c2       0x44 Drivers/STM32L0xx_HAL_Driver/Src/stm32l0xx_hal_uart.o
 .text.UART_TxISR_8BIT
                0x0000000008003a06       0x6e Drivers/STM32L0xx_HAL_Driver/Src/stm32l0xx_hal_uart.o
 .text.UART_TxISR_16BIT
                0x0000000008003a74       0x78 Drivers/STM32L0xx_HAL_Driver/Src/stm32l0xx_hal_uart.o
 .text.UART_EndTransmit_IT
                0x0000000008003aec       0x34 Drivers/STM32L0xx_HAL_Driver/Src/stm32l0xx_hal_uart.o
 .text.UART_RxISR_8BIT
                0x0000000008003b20       0xbc Drivers/STM32L0xx_HAL_Driver/Src/stm32l0xx_hal_uart.o
 .text.UART_RxISR_16BIT
                0x0000000008003bdc       0xbc Drivers/STM32L0xx_HAL_Driver/Src/stm32l0xx_hal_uart.o
 .text.HAL_UARTEx_WakeupCallback
                0x0000000008003c98       0x10 Drivers/STM32L0xx_HAL_Driver/Src/stm32l0xx_hal_uart_ex.o
                0x0000000008003c98                HAL_UARTEx_WakeupCallback
 .text.__libc_init_array
                0x0000000008003ca8       0x48 c:/st/stm32cubeide_1.3.0/stm32cubeide/plugins/com.st.stm32cube.ide.mcu.externaltools.gnu-tools-for-stm32.7-2018-q2-update.win32_1.0.0.201904181610/tools/bin/../lib/gcc/arm-none-eabi/7.3.1/../../../../arm-none-eabi/lib/thumb/v6-m\libc_nano.a(lib_a-init.o)
                0x0000000008003ca8                __libc_init_array
 .text.memset   0x0000000008003cf0       0x10 c:/st/stm32cubeide_1.3.0/stm32cubeide/plugins/com.st.stm32cube.ide.mcu.externaltools.gnu-tools-for-stm32.7-2018-q2-update.win32_1.0.0.201904181610/tools/bin/../lib/gcc/arm-none-eabi/7.3.1/../../../../arm-none-eabi/lib/thumb/v6-m\libc_nano.a(lib_a-memset.o)
                0x0000000008003cf0                memset
 *(.glue_7)
 .glue_7        0x0000000008003d00        0x0 linker stubs
 *(.glue_7t)
 .glue_7t       0x0000000008003d00        0x0 linker stubs
 *(.eh_frame)
 .eh_frame      0x0000000008003d00        0x0 c:/st/stm32cubeide_1.3.0/stm32cubeide/plugins/com.st.stm32cube.ide.mcu.externaltools.gnu-tools-for-stm32.7-2018-q2-update.win32_1.0.0.201904181610/tools/bin/../lib/gcc/arm-none-eabi/7.3.1/thumb/v6-m/crtbegin.o
 *(.init)
 .init          0x0000000008003d00        0x4 c:/st/stm32cubeide_1.3.0/stm32cubeide/plugins/com.st.stm32cube.ide.mcu.externaltools.gnu-tools-for-stm32.7-2018-q2-update.win32_1.0.0.201904181610/tools/bin/../lib/gcc/arm-none-eabi/7.3.1/thumb/v6-m/crti.o
                0x0000000008003d00                _init
 .init          0x0000000008003d04        0x8 c:/st/stm32cubeide_1.3.0/stm32cubeide/plugins/com.st.stm32cube.ide.mcu.externaltools.gnu-tools-for-stm32.7-2018-q2-update.win32_1.0.0.201904181610/tools/bin/../lib/gcc/arm-none-eabi/7.3.1/thumb/v6-m/crtn.o
 *(.fini)
 .fini          0x0000000008003d0c        0x4 c:/st/stm32cubeide_1.3.0/stm32cubeide/plugins/com.st.stm32cube.ide.mcu.externaltools.gnu-tools-for-stm32.7-2018-q2-update.win32_1.0.0.201904181610/tools/bin/../lib/gcc/arm-none-eabi/7.3.1/thumb/v6-m/crti.o
                0x0000000008003d0c                _fini
 .fini          0x0000000008003d10        0x8 c:/st/stm32cubeide_1.3.0/stm32cubeide/plugins/com.st.stm32cube.ide.mcu.externaltools.gnu-tools-for-stm32.7-2018-q2-update.win32_1.0.0.201904181610/tools/bin/../lib/gcc/arm-none-eabi/7.3.1/thumb/v6-m/crtn.o
                0x0000000008003d18                . = ALIGN (0x4)
                0x0000000008003d18                _etext = .

.vfp11_veneer   0x0000000008003d18        0x0
 .vfp11_veneer  0x0000000008003d18        0x0 linker stubs

.v4_bx          0x0000000008003d18        0x0
 .v4_bx         0x0000000008003d18        0x0 linker stubs

.iplt           0x0000000008003d18        0x0
 .iplt          0x0000000008003d18        0x0 c:/st/stm32cubeide_1.3.0/stm32cubeide/plugins/com.st.stm32cube.ide.mcu.externaltools.gnu-tools-for-stm32.7-2018-q2-update.win32_1.0.0.201904181610/tools/bin/../lib/gcc/arm-none-eabi/7.3.1/thumb/v6-m/crtbegin.o

.rodata         0x0000000008003d18       0x78
                0x0000000008003d18                . = ALIGN (0x4)
 *(.rodata)
 .rodata        0x0000000008003d18        0xa Core/Src/main.o
 *(.rodata*)
 *fill*         0x0000000008003d22        0x2 
 .rodata.AHBPrescTable
                0x0000000008003d24       0x10 Core/Src/system_stm32l0xx.o
                0x0000000008003d24                AHBPrescTable
 .rodata.APBPrescTable
                0x0000000008003d34        0x8 Core/Src/system_stm32l0xx.o
                0x0000000008003d34                APBPrescTable
 .rodata.PLLMulTable
                0x0000000008003d3c        0x9 Core/Src/system_stm32l0xx.o
                0x0000000008003d3c                PLLMulTable
 *fill*         0x0000000008003d45        0x3 
 .rodata.UART_SetConfig
                0x0000000008003d48       0x48 Drivers/STM32L0xx_HAL_Driver/Src/stm32l0xx_hal_uart.o
                0x0000000008003d90                . = ALIGN (0x4)

.ARM.extab      0x0000000008003d90        0x0
                0x0000000008003d90                . = ALIGN (0x4)
 *(.ARM.extab* .gnu.linkonce.armextab.*)
                0x0000000008003d90                . = ALIGN (0x4)

.ARM            0x0000000008003d90        0x8
                0x0000000008003d90                . = ALIGN (0x4)
                0x0000000008003d90                __exidx_start = .
 *(.ARM.exidx*)
 .ARM.exidx     0x0000000008003d90        0x8 c:/st/stm32cubeide_1.3.0/stm32cubeide/plugins/com.st.stm32cube.ide.mcu.externaltools.gnu-tools-for-stm32.7-2018-q2-update.win32_1.0.0.201904181610/tools/bin/../lib/gcc/arm-none-eabi/7.3.1/thumb/v6-m\libgcc.a(_udivmoddi4.o)
                0x0000000008003d98                __exidx_end = .
                0x0000000008003d98                . = ALIGN (0x4)

.rel.dyn        0x0000000008003d98        0x0
 .rel.iplt      0x0000000008003d98        0x0 c:/st/stm32cubeide_1.3.0/stm32cubeide/plugins/com.st.stm32cube.ide.mcu.externaltools.gnu-tools-for-stm32.7-2018-q2-update.win32_1.0.0.201904181610/tools/bin/../lib/gcc/arm-none-eabi/7.3.1/thumb/v6-m/crtbegin.o

.preinit_array  0x0000000008003d98        0x0
                0x0000000008003d98                . = ALIGN (0x4)
                0x0000000008003d98                PROVIDE (__preinit_array_start = .)
 *(.preinit_array*)
                0x0000000008003d98                PROVIDE (__preinit_array_end = .)
                0x0000000008003d98                . = ALIGN (0x4)

.init_array     0x0000000008003d98        0x4
                0x0000000008003d98                . = ALIGN (0x4)
                0x0000000008003d98                PROVIDE (__init_array_start = .)
 *(SORT_BY_NAME(.init_array.*))
 *(.init_array*)
 .init_array    0x0000000008003d98        0x4 c:/st/stm32cubeide_1.3.0/stm32cubeide/plugins/com.st.stm32cube.ide.mcu.externaltools.gnu-tools-for-stm32.7-2018-q2-update.win32_1.0.0.201904181610/tools/bin/../lib/gcc/arm-none-eabi/7.3.1/thumb/v6-m/crtbegin.o
                0x0000000008003d9c                PROVIDE (__init_array_end = .)
                0x0000000008003d9c                . = ALIGN (0x4)

.fini_array     0x0000000008003d9c        0x4
                0x0000000008003d9c                . = ALIGN (0x4)
                [!provide]                        PROVIDE (__fini_array_start = .)
 *(SORT_BY_NAME(.fini_array.*))
 *(.fini_array*)
 .fini_array    0x0000000008003d9c        0x4 c:/st/stm32cubeide_1.3.0/stm32cubeide/plugins/com.st.stm32cube.ide.mcu.externaltools.gnu-tools-for-stm32.7-2018-q2-update.win32_1.0.0.201904181610/tools/bin/../lib/gcc/arm-none-eabi/7.3.1/thumb/v6-m/crtbegin.o
                [!provide]                        PROVIDE (__fini_array_end = .)
                0x0000000008003da0                . = ALIGN (0x4)
                0x0000000008003da0                _sidata = LOADADDR (.data)

.data           0x0000000020000000        0x8 load address 0x0000000008003da0
                0x0000000020000000                . = ALIGN (0x4)
                0x0000000020000000                _sdata = .
 *(.data)
 *(.data*)
 .data.gorkem   0x0000000020000000        0x1 Core/Src/main.o
                0x0000000020000000                gorkem
 *fill*         0x0000000020000001        0x3 
 .data.SystemCoreClock
                0x0000000020000004        0x4 Core/Src/system_stm32l0xx.o
                0x0000000020000004                SystemCoreClock
                0x0000000020000008                . = ALIGN (0x4)
                0x0000000020000008                _edata = .

.igot.plt       0x0000000020000008        0x0 load address 0x0000000008003da8
 .igot.plt      0x0000000020000008        0x0 c:/st/stm32cubeide_1.3.0/stm32cubeide/plugins/com.st.stm32cube.ide.mcu.externaltools.gnu-tools-for-stm32.7-2018-q2-update.win32_1.0.0.201904181610/tools/bin/../lib/gcc/arm-none-eabi/7.3.1/thumb/v6-m/crtbegin.o
                0x0000000020000008                . = ALIGN (0x4)

.bss            0x0000000020000008      0x568 load address 0x0000000008003da8
                0x0000000020000008                _sbss = .
                0x0000000020000008                __bss_start__ = _sbss
 *(.bss)
 .bss           0x0000000020000008       0x1c c:/st/stm32cubeide_1.3.0/stm32cubeide/plugins/com.st.stm32cube.ide.mcu.externaltools.gnu-tools-for-stm32.7-2018-q2-update.win32_1.0.0.201904181610/tools/bin/../lib/gcc/arm-none-eabi/7.3.1/thumb/v6-m/crtbegin.o
 *(.bss*)
 .bss.AT_READY_FLAG
                0x0000000020000024        0x4 Core/Src/main.o
                0x0000000020000024                AT_READY_FLAG
 .bss.uartReady
                0x0000000020000028        0x4 Core/Src/main.o
                0x0000000020000028                uartReady
 .bss.wordIndex
                0x000000002000002c        0x4 Core/Src/main.o
                0x000000002000002c                wordIndex
 .bss.charIndex
                0x0000000020000030        0x4 Core/Src/main.o
                0x0000000020000030                charIndex
 .bss.AT_Transmit_FLag
                0x0000000020000034        0x4 Core/Src/main.o
                0x0000000020000034                AT_Transmit_FLag
 .bss.AT_Waiting_Flag
                0x0000000020000038        0x4 Core/Src/main.o
                0x0000000020000038                AT_Waiting_Flag
 .bss.DATA_READY
                0x000000002000003c        0x4 Core/Src/main.o
                0x000000002000003c                DATA_READY
 .bss.timAbortCount
                0x0000000020000040        0x4 Core/Src/main.o
                0x0000000020000040                timAbortCount
 .bss.count     0x0000000020000044        0x4 Core/Src/main.o
                0x0000000020000044                count
 .bss.rxcallbackCount
                0x0000000020000048        0x4 Core/Src/main.o
                0x0000000020000048                rxcallbackCount
 .bss.abourtCount
                0x000000002000004c        0x4 Core/Src/main.o
                0x000000002000004c                abourtCount
 *(COMMON)
 COMMON         0x0000000020000050      0x51c Core/Src/main.o
                0x0000000020000050                hspi2
                0x00000000200000a8                bc95
                0x00000000200000ac                parsedData
                0x00000000200002a0                rxBuf
                0x0000000020000354                huart1
                0x00000000200003d4                htim2
                0x0000000020000410                huart2
                0x0000000020000490                rxBuf_IT
                0x0000000020000494                dataQueue
 COMMON         0x000000002000056c        0x4 Drivers/STM32L0xx_HAL_Driver/Src/stm32l0xx_hal.o
                0x000000002000056c                uwTick
                0x0000000020000570                . = ALIGN (0x4)
                0x0000000020000570                _ebss = .
                0x0000000020000570                __bss_end__ = _ebss

._user_heap_stack
                0x0000000020000570      0x600 load address 0x0000000008003da8
                0x0000000020000570                . = ALIGN (0x8)
                0x0000000020000570                PROVIDE (end = .)
                [!provide]                        PROVIDE (_end = .)
                0x0000000020000770                . = (. + _Min_Heap_Size)
 *fill*         0x0000000020000570      0x200 
                0x0000000020000b70                . = (. + _Min_Stack_Size)
 *fill*         0x0000000020000770      0x400 
                0x0000000020000b70                . = ALIGN (0x8)

/DISCARD/
 libc.a(*)
 libm.a(*)
 libgcc.a(*)

.ARM.attributes
                0x0000000000000000       0x28
 *(.ARM.attributes)
 .ARM.attributes
                0x0000000000000000       0x1e c:/st/stm32cubeide_1.3.0/stm32cubeide/plugins/com.st.stm32cube.ide.mcu.externaltools.gnu-tools-for-stm32.7-2018-q2-update.win32_1.0.0.201904181610/tools/bin/../lib/gcc/arm-none-eabi/7.3.1/thumb/v6-m/crti.o
 .ARM.attributes
                0x000000000000001e       0x2c c:/st/stm32cubeide_1.3.0/stm32cubeide/plugins/com.st.stm32cube.ide.mcu.externaltools.gnu-tools-for-stm32.7-2018-q2-update.win32_1.0.0.201904181610/tools/bin/../lib/gcc/arm-none-eabi/7.3.1/thumb/v6-m/crtbegin.o
 .ARM.attributes
                0x000000000000004a       0x32 Core/Src/data_queue.o
 .ARM.attributes
                0x000000000000007c       0x32 Core/Src/main.o
 .ARM.attributes
                0x00000000000000ae       0x32 Core/Src/stm32l0xx_hal_msp.o
 .ARM.attributes
                0x00000000000000e0       0x32 Core/Src/stm32l0xx_it.o
 .ARM.attributes
                0x0000000000000112       0x32 Core/Src/system_stm32l0xx.o
 .ARM.attributes
                0x0000000000000144       0x22 Core/Startup/startup_stm32l071rbtx.o
 .ARM.attributes
                0x0000000000000166       0x32 Drivers/STM32L0xx_HAL_Driver/Src/stm32l0xx_hal.o
 .ARM.attributes
                0x0000000000000198       0x32 Drivers/STM32L0xx_HAL_Driver/Src/stm32l0xx_hal_cortex.o
 .ARM.attributes
                0x00000000000001ca       0x32 Drivers/STM32L0xx_HAL_Driver/Src/stm32l0xx_hal_dma.o
 .ARM.attributes
                0x00000000000001fc       0x32 Drivers/STM32L0xx_HAL_Driver/Src/stm32l0xx_hal_gpio.o
 .ARM.attributes
                0x000000000000022e       0x32 Drivers/STM32L0xx_HAL_Driver/Src/stm32l0xx_hal_rcc.o
 .ARM.attributes
                0x0000000000000260       0x32 Drivers/STM32L0xx_HAL_Driver/Src/stm32l0xx_hal_rcc_ex.o
 .ARM.attributes
                0x0000000000000292       0x32 Drivers/STM32L0xx_HAL_Driver/Src/stm32l0xx_hal_spi.o
 .ARM.attributes
                0x00000000000002c4       0x32 Drivers/STM32L0xx_HAL_Driver/Src/stm32l0xx_hal_tim.o
 .ARM.attributes
                0x00000000000002f6       0x32 Drivers/STM32L0xx_HAL_Driver/Src/stm32l0xx_hal_tim_ex.o
 .ARM.attributes
                0x0000000000000328       0x32 Drivers/STM32L0xx_HAL_Driver/Src/stm32l0xx_hal_uart.o
 .ARM.attributes
                0x000000000000035a       0x32 Drivers/STM32L0xx_HAL_Driver/Src/stm32l0xx_hal_uart_ex.o
 .ARM.attributes
                0x000000000000038c       0x2c c:/st/stm32cubeide_1.3.0/stm32cubeide/plugins/com.st.stm32cube.ide.mcu.externaltools.gnu-tools-for-stm32.7-2018-q2-update.win32_1.0.0.201904181610/tools/bin/../lib/gcc/arm-none-eabi/7.3.1/../../../../arm-none-eabi/lib/thumb/v6-m\libc_nano.a(lib_a-init.o)
 .ARM.attributes
                0x00000000000003b8       0x2c c:/st/stm32cubeide_1.3.0/stm32cubeide/plugins/com.st.stm32cube.ide.mcu.externaltools.gnu-tools-for-stm32.7-2018-q2-update.win32_1.0.0.201904181610/tools/bin/../lib/gcc/arm-none-eabi/7.3.1/../../../../arm-none-eabi/lib/thumb/v6-m\libc_nano.a(lib_a-memset.o)
 .ARM.attributes
                0x00000000000003e4       0x1e c:/st/stm32cubeide_1.3.0/stm32cubeide/plugins/com.st.stm32cube.ide.mcu.externaltools.gnu-tools-for-stm32.7-2018-q2-update.win32_1.0.0.201904181610/tools/bin/../lib/gcc/arm-none-eabi/7.3.1/thumb/v6-m\libgcc.a(_udivsi3.o)
 .ARM.attributes
                0x0000000000000402       0x1e c:/st/stm32cubeide_1.3.0/stm32cubeide/plugins/com.st.stm32cube.ide.mcu.externaltools.gnu-tools-for-stm32.7-2018-q2-update.win32_1.0.0.201904181610/tools/bin/../lib/gcc/arm-none-eabi/7.3.1/thumb/v6-m\libgcc.a(_dvmd_tls.o)
 .ARM.attributes
                0x0000000000000420       0x1e c:/st/stm32cubeide_1.3.0/stm32cubeide/plugins/com.st.stm32cube.ide.mcu.externaltools.gnu-tools-for-stm32.7-2018-q2-update.win32_1.0.0.201904181610/tools/bin/../lib/gcc/arm-none-eabi/7.3.1/thumb/v6-m\libgcc.a(_aeabi_uldivmod.o)
 .ARM.attributes
                0x000000000000043e       0x2c c:/st/stm32cubeide_1.3.0/stm32cubeide/plugins/com.st.stm32cube.ide.mcu.externaltools.gnu-tools-for-stm32.7-2018-q2-update.win32_1.0.0.201904181610/tools/bin/../lib/gcc/arm-none-eabi/7.3.1/thumb/v6-m\libgcc.a(_udivmoddi4.o)
 .ARM.attributes
                0x000000000000046a       0x1e c:/st/stm32cubeide_1.3.0/stm32cubeide/plugins/com.st.stm32cube.ide.mcu.externaltools.gnu-tools-for-stm32.7-2018-q2-update.win32_1.0.0.201904181610/tools/bin/../lib/gcc/arm-none-eabi/7.3.1/thumb/v6-m\libgcc.a(_clzdi2.o)
 .ARM.attributes
                0x0000000000000488       0x1e c:/st/stm32cubeide_1.3.0/stm32cubeide/plugins/com.st.stm32cube.ide.mcu.externaltools.gnu-tools-for-stm32.7-2018-q2-update.win32_1.0.0.201904181610/tools/bin/../lib/gcc/arm-none-eabi/7.3.1/thumb/v6-m\libgcc.a(_clzsi2.o)
 .ARM.attributes
                0x00000000000004a6       0x1e c:/st/stm32cubeide_1.3.0/stm32cubeide/plugins/com.st.stm32cube.ide.mcu.externaltools.gnu-tools-for-stm32.7-2018-q2-update.win32_1.0.0.201904181610/tools/bin/../lib/gcc/arm-none-eabi/7.3.1/thumb/v6-m/crtn.o
OUTPUT(deprem uyari.elf elf32-littlearm)

.debug_info     0x0000000000000000     0xd04e
 .debug_info    0x0000000000000000      0xa14 Core/Src/data_queue.o
 .debug_info    0x0000000000000a14     0x1fdf Core/Src/main.o
 .debug_info    0x00000000000029f3      0xf2c Core/Src/stm32l0xx_hal_msp.o
 .debug_info    0x000000000000391f      0x905 Core/Src/stm32l0xx_it.o
 .debug_info    0x0000000000004224      0x390 Core/Src/system_stm32l0xx.o
 .debug_info    0x00000000000045b4       0x22 Core/Startup/startup_stm32l071rbtx.o
 .debug_info    0x00000000000045d6      0x7d3 Drivers/STM32L0xx_HAL_Driver/Src/stm32l0xx_hal.o
 .debug_info    0x0000000000004da9      0x8d3 Drivers/STM32L0xx_HAL_Driver/Src/stm32l0xx_hal_cortex.o
 .debug_info    0x000000000000567c      0x77c Drivers/STM32L0xx_HAL_Driver/Src/stm32l0xx_hal_dma.o
 .debug_info    0x0000000000005df8      0x6c3 Drivers/STM32L0xx_HAL_Driver/Src/stm32l0xx_hal_gpio.o
 .debug_info    0x00000000000064bb      0x90a Drivers/STM32L0xx_HAL_Driver/Src/stm32l0xx_hal_rcc.o
 .debug_info    0x0000000000006dc5      0x4f1 Drivers/STM32L0xx_HAL_Driver/Src/stm32l0xx_hal_rcc_ex.o
 .debug_info    0x00000000000072b6     0x159d Drivers/STM32L0xx_HAL_Driver/Src/stm32l0xx_hal_spi.o
 .debug_info    0x0000000000008853     0x23bf Drivers/STM32L0xx_HAL_Driver/Src/stm32l0xx_hal_tim.o
 .debug_info    0x000000000000ac12      0x689 Drivers/STM32L0xx_HAL_Driver/Src/stm32l0xx_hal_tim_ex.o
 .debug_info    0x000000000000b29b     0x1524 Drivers/STM32L0xx_HAL_Driver/Src/stm32l0xx_hal_uart.o
 .debug_info    0x000000000000c7bf      0x88f Drivers/STM32L0xx_HAL_Driver/Src/stm32l0xx_hal_uart_ex.o

.debug_abbrev   0x0000000000000000     0x1eda
 .debug_abbrev  0x0000000000000000      0x1d1 Core/Src/data_queue.o
 .debug_abbrev  0x00000000000001d1      0x2e0 Core/Src/main.o
 .debug_abbrev  0x00000000000004b1      0x1be Core/Src/stm32l0xx_hal_msp.o
 .debug_abbrev  0x000000000000066f      0x158 Core/Src/stm32l0xx_it.o
 .debug_abbrev  0x00000000000007c7      0x111 Core/Src/system_stm32l0xx.o
 .debug_abbrev  0x00000000000008d8       0x12 Core/Startup/startup_stm32l071rbtx.o
 .debug_abbrev  0x00000000000008ea      0x219 Drivers/STM32L0xx_HAL_Driver/Src/stm32l0xx_hal.o
 .debug_abbrev  0x0000000000000b03      0x261 Drivers/STM32L0xx_HAL_Driver/Src/stm32l0xx_hal_cortex.o
 .debug_abbrev  0x0000000000000d64      0x1cc Drivers/STM32L0xx_HAL_Driver/Src/stm32l0xx_hal_dma.o
 .debug_abbrev  0x0000000000000f30      0x1c0 Drivers/STM32L0xx_HAL_Driver/Src/stm32l0xx_hal_gpio.o
 .debug_abbrev  0x00000000000010f0      0x21a Drivers/STM32L0xx_HAL_Driver/Src/stm32l0xx_hal_rcc.o
 .debug_abbrev  0x000000000000130a      0x1d0 Drivers/STM32L0xx_HAL_Driver/Src/stm32l0xx_hal_rcc_ex.o
 .debug_abbrev  0x00000000000014da      0x240 Drivers/STM32L0xx_HAL_Driver/Src/stm32l0xx_hal_spi.o
 .debug_abbrev  0x000000000000171a      0x22e Drivers/STM32L0xx_HAL_Driver/Src/stm32l0xx_hal_tim.o
 .debug_abbrev  0x0000000000001948      0x18d Drivers/STM32L0xx_HAL_Driver/Src/stm32l0xx_hal_tim_ex.o
 .debug_abbrev  0x0000000000001ad5      0x214 Drivers/STM32L0xx_HAL_Driver/Src/stm32l0xx_hal_uart.o
 .debug_abbrev  0x0000000000001ce9      0x1f1 Drivers/STM32L0xx_HAL_Driver/Src/stm32l0xx_hal_uart_ex.o

.debug_aranges  0x0000000000000000      0xd40
 .debug_aranges
                0x0000000000000000       0x48 Core/Src/data_queue.o
 .debug_aranges
                0x0000000000000048       0x90 Core/Src/main.o
 .debug_aranges
                0x00000000000000d8       0x50 Core/Src/stm32l0xx_hal_msp.o
 .debug_aranges
                0x0000000000000128       0x50 Core/Src/stm32l0xx_it.o
 .debug_aranges
                0x0000000000000178       0x28 Core/Src/system_stm32l0xx.o
 .debug_aranges
                0x00000000000001a0       0x28 Core/Startup/startup_stm32l071rbtx.o
 .debug_aranges
                0x00000000000001c8       0xf8 Drivers/STM32L0xx_HAL_Driver/Src/stm32l0xx_hal.o
 .debug_aranges
                0x00000000000002c0       0xd8 Drivers/STM32L0xx_HAL_Driver/Src/stm32l0xx_hal_cortex.o
 .debug_aranges
                0x0000000000000398       0x80 Drivers/STM32L0xx_HAL_Driver/Src/stm32l0xx_hal_dma.o
 .debug_aranges
                0x0000000000000418       0x58 Drivers/STM32L0xx_HAL_Driver/Src/stm32l0xx_hal_gpio.o
 .debug_aranges
                0x0000000000000470       0x80 Drivers/STM32L0xx_HAL_Driver/Src/stm32l0xx_hal_rcc.o
 .debug_aranges
                0x00000000000004f0       0x58 Drivers/STM32L0xx_HAL_Driver/Src/stm32l0xx_hal_rcc_ex.o
 .debug_aranges
                0x0000000000000548      0x1d0 Drivers/STM32L0xx_HAL_Driver/Src/stm32l0xx_hal_spi.o
 .debug_aranges
                0x0000000000000718      0x3a8 Drivers/STM32L0xx_HAL_Driver/Src/stm32l0xx_hal_tim.o
 .debug_aranges
                0x0000000000000ac0       0x28 Drivers/STM32L0xx_HAL_Driver/Src/stm32l0xx_hal_tim_ex.o
 .debug_aranges
                0x0000000000000ae8      0x1f8 Drivers/STM32L0xx_HAL_Driver/Src/stm32l0xx_hal_uart.o
 .debug_aranges
                0x0000000000000ce0       0x60 Drivers/STM32L0xx_HAL_Driver/Src/stm32l0xx_hal_uart_ex.o

.debug_ranges   0x0000000000000000      0xc38
 .debug_ranges  0x0000000000000000       0x38 Core/Src/data_queue.o
 .debug_ranges  0x0000000000000038       0x80 Core/Src/main.o
 .debug_ranges  0x00000000000000b8       0x40 Core/Src/stm32l0xx_hal_msp.o
 .debug_ranges  0x00000000000000f8       0x40 Core/Src/stm32l0xx_it.o
 .debug_ranges  0x0000000000000138       0x18 Core/Src/system_stm32l0xx.o
 .debug_ranges  0x0000000000000150       0x20 Core/Startup/startup_stm32l071rbtx.o
 .debug_ranges  0x0000000000000170       0xe8 Drivers/STM32L0xx_HAL_Driver/Src/stm32l0xx_hal.o
 .debug_ranges  0x0000000000000258       0xc8 Drivers/STM32L0xx_HAL_Driver/Src/stm32l0xx_hal_cortex.o
 .debug_ranges  0x0000000000000320       0x70 Drivers/STM32L0xx_HAL_Driver/Src/stm32l0xx_hal_dma.o
 .debug_ranges  0x0000000000000390       0x48 Drivers/STM32L0xx_HAL_Driver/Src/stm32l0xx_hal_gpio.o
 .debug_ranges  0x00000000000003d8       0x70 Drivers/STM32L0xx_HAL_Driver/Src/stm32l0xx_hal_rcc.o
 .debug_ranges  0x0000000000000448       0x48 Drivers/STM32L0xx_HAL_Driver/Src/stm32l0xx_hal_rcc_ex.o
 .debug_ranges  0x0000000000000490      0x1c0 Drivers/STM32L0xx_HAL_Driver/Src/stm32l0xx_hal_spi.o
 .debug_ranges  0x0000000000000650      0x398 Drivers/STM32L0xx_HAL_Driver/Src/stm32l0xx_hal_tim.o
 .debug_ranges  0x00000000000009e8       0x18 Drivers/STM32L0xx_HAL_Driver/Src/stm32l0xx_hal_tim_ex.o
 .debug_ranges  0x0000000000000a00      0x1e8 Drivers/STM32L0xx_HAL_Driver/Src/stm32l0xx_hal_uart.o
 .debug_ranges  0x0000000000000be8       0x50 Drivers/STM32L0xx_HAL_Driver/Src/stm32l0xx_hal_uart_ex.o

.debug_macro    0x0000000000000000     0x2208
 .debug_macro   0x0000000000000000      0x1d3 Core/Src/data_queue.o
 .debug_macro   0x00000000000001d3       0x10 Core/Src/data_queue.o
 .debug_macro   0x00000000000001e3       0x40 Core/Src/data_queue.o
 .debug_macro   0x0000000000000223       0x94 Core/Src/data_queue.o
 .debug_macro   0x00000000000002b7       0x57 Core/Src/data_queue.o
 .debug_macro   0x000000000000030e       0x97 Core/Src/data_queue.o
 .debug_macro   0x00000000000003a5       0xfd Core/Src/data_queue.o
 .debug_macro   0x00000000000004a2      0x3e0 Core/Src/main.o
 .debug_macro   0x0000000000000882      0x1cc Core/Src/stm32l0xx_hal_msp.o
 .debug_macro   0x0000000000000a4e      0x1d6 Core/Src/stm32l0xx_it.o
 .debug_macro   0x0000000000000c24      0x1c8 Core/Src/system_stm32l0xx.o
 .debug_macro   0x0000000000000dec      0x1e6 Drivers/STM32L0xx_HAL_Driver/Src/stm32l0xx_hal.o
 .debug_macro   0x0000000000000fd2      0x1c2 Drivers/STM32L0xx_HAL_Driver/Src/stm32l0xx_hal_cortex.o
 .debug_macro   0x0000000000001194      0x1c2 Drivers/STM32L0xx_HAL_Driver/Src/stm32l0xx_hal_dma.o
 .debug_macro   0x0000000000001356      0x1fa Drivers/STM32L0xx_HAL_Driver/Src/stm32l0xx_hal_gpio.o
 .debug_macro   0x0000000000001550      0x1f8 Drivers/STM32L0xx_HAL_Driver/Src/stm32l0xx_hal_rcc.o
 .debug_macro   0x0000000000001748      0x1c2 Drivers/STM32L0xx_HAL_Driver/Src/stm32l0xx_hal_rcc_ex.o
 .debug_macro   0x000000000000190a      0x1ca Drivers/STM32L0xx_HAL_Driver/Src/stm32l0xx_hal_spi.o
 .debug_macro   0x0000000000001ad4      0x1c3 Drivers/STM32L0xx_HAL_Driver/Src/stm32l0xx_hal_tim.o
 .debug_macro   0x0000000000001c97      0x1c2 Drivers/STM32L0xx_HAL_Driver/Src/stm32l0xx_hal_tim_ex.o
 .debug_macro   0x0000000000001e59      0x1ed Drivers/STM32L0xx_HAL_Driver/Src/stm32l0xx_hal_uart.o
 .debug_macro   0x0000000000002046      0x1c2 Drivers/STM32L0xx_HAL_Driver/Src/stm32l0xx_hal_uart_ex.o

.debug_line     0x0000000000000000     0xa671
 .debug_line    0x0000000000000000      0x5f3 Core/Src/data_queue.o
 .debug_line    0x00000000000005f3      0xb52 Core/Src/main.o
 .debug_line    0x0000000000001145      0x783 Core/Src/stm32l0xx_hal_msp.o
 .debug_line    0x00000000000018c8      0x75b Core/Src/stm32l0xx_it.o
 .debug_line    0x0000000000002023      0x711 Core/Src/system_stm32l0xx.o
 .debug_line    0x0000000000002734       0x8a Core/Startup/startup_stm32l071rbtx.o
 .debug_line    0x00000000000027be      0x8ee Drivers/STM32L0xx_HAL_Driver/Src/stm32l0xx_hal.o
 .debug_line    0x00000000000030ac      0x91c Drivers/STM32L0xx_HAL_Driver/Src/stm32l0xx_hal_cortex.o
 .debug_line    0x00000000000039c8      0x8ec Drivers/STM32L0xx_HAL_Driver/Src/stm32l0xx_hal_dma.o
 .debug_line    0x00000000000042b4      0x884 Drivers/STM32L0xx_HAL_Driver/Src/stm32l0xx_hal_gpio.o
 .debug_line    0x0000000000004b38      0x990 Drivers/STM32L0xx_HAL_Driver/Src/stm32l0xx_hal_rcc.o
 .debug_line    0x00000000000054c8      0x8cc Drivers/STM32L0xx_HAL_Driver/Src/stm32l0xx_hal_rcc_ex.o
 .debug_line    0x0000000000005d94     0x109f Drivers/STM32L0xx_HAL_Driver/Src/stm32l0xx_hal_spi.o
 .debug_line    0x0000000000006e33     0x16e8 Drivers/STM32L0xx_HAL_Driver/Src/stm32l0xx_hal_tim.o
 .debug_line    0x000000000000851b      0x76a Drivers/STM32L0xx_HAL_Driver/Src/stm32l0xx_hal_tim_ex.o
 .debug_line    0x0000000000008c85     0x11b6 Drivers/STM32L0xx_HAL_Driver/Src/stm32l0xx_hal_uart.o
 .debug_line    0x0000000000009e3b      0x836 Drivers/STM32L0xx_HAL_Driver/Src/stm32l0xx_hal_uart_ex.o

.debug_str      0x0000000000000000    0x7a75e
 .debug_str     0x0000000000000000     0x754f Core/Src/data_queue.o
                                       0x772b (size before relaxing)
 .debug_str     0x000000000000754f    0x703e9 Core/Src/main.o
                                      0x77d3a (size before relaxing)
 .debug_str     0x0000000000077938      0x201 Core/Src/stm32l0xx_hal_msp.o
                                      0x7044f (size before relaxing)
 .debug_str     0x0000000000077b39       0x98 Core/Src/stm32l0xx_it.o
                                      0x70020 (size before relaxing)
 .debug_str     0x0000000000077bd1       0xa6 Core/Src/system_stm32l0xx.o
                                      0x6fb06 (size before relaxing)
 .debug_str     0x0000000000077c77       0x36 Core/Startup/startup_stm32l071rbtx.o
                                         0x7d (size before relaxing)
 .debug_str     0x0000000000077cad      0x3dc Drivers/STM32L0xx_HAL_Driver/Src/stm32l0xx_hal.o
                                      0x7011a (size before relaxing)
 .debug_str     0x0000000000078089      0x2c5 Drivers/STM32L0xx_HAL_Driver/Src/stm32l0xx_hal_cortex.o
                                      0x6ff4d (size before relaxing)
 .debug_str     0x000000000007834e      0x267 Drivers/STM32L0xx_HAL_Driver/Src/stm32l0xx_hal_dma.o
                                      0x6fe73 (size before relaxing)
 .debug_str     0x00000000000785b5      0x242 Drivers/STM32L0xx_HAL_Driver/Src/stm32l0xx_hal_gpio.o
                                      0x6fdb6 (size before relaxing)
 .debug_str     0x00000000000787f7      0x2d2 Drivers/STM32L0xx_HAL_Driver/Src/stm32l0xx_hal_rcc.o
                                      0x6ffa0 (size before relaxing)
 .debug_str     0x0000000000078ac9      0x13a Drivers/STM32L0xx_HAL_Driver/Src/stm32l0xx_hal_rcc_ex.o
                                      0x6fcec (size before relaxing)
 .debug_str     0x0000000000078c03      0x535 Drivers/STM32L0xx_HAL_Driver/Src/stm32l0xx_hal_spi.o
                                      0x70363 (size before relaxing)
 .debug_str     0x0000000000079138      0xcbd Drivers/STM32L0xx_HAL_Driver/Src/stm32l0xx_hal_tim.o
                                      0x70c09 (size before relaxing)
 .debug_str     0x0000000000079df5       0x7d Drivers/STM32L0xx_HAL_Driver/Src/stm32l0xx_hal_tim_ex.o
                                      0x6fe94 (size before relaxing)
 .debug_str     0x0000000000079e72      0x767 Drivers/STM32L0xx_HAL_Driver/Src/stm32l0xx_hal_uart.o
                                      0x706cb (size before relaxing)
 .debug_str     0x000000000007a5d9      0x185 Drivers/STM32L0xx_HAL_Driver/Src/stm32l0xx_hal_uart_ex.o
                                      0x6ffa1 (size before relaxing)

.comment        0x0000000000000000       0x7b
 .comment       0x0000000000000000       0x7b Core/Src/data_queue.o
                                         0x7c (size before relaxing)
 .comment       0x000000000000007b       0x7c Core/Src/main.o
 .comment       0x000000000000007b       0x7c Core/Src/stm32l0xx_hal_msp.o
 .comment       0x000000000000007b       0x7c Core/Src/stm32l0xx_it.o
 .comment       0x000000000000007b       0x7c Core/Src/system_stm32l0xx.o
 .comment       0x000000000000007b       0x7c Drivers/STM32L0xx_HAL_Driver/Src/stm32l0xx_hal.o
 .comment       0x000000000000007b       0x7c Drivers/STM32L0xx_HAL_Driver/Src/stm32l0xx_hal_cortex.o
 .comment       0x000000000000007b       0x7c Drivers/STM32L0xx_HAL_Driver/Src/stm32l0xx_hal_dma.o
 .comment       0x000000000000007b       0x7c Drivers/STM32L0xx_HAL_Driver/Src/stm32l0xx_hal_gpio.o
 .comment       0x000000000000007b       0x7c Drivers/STM32L0xx_HAL_Driver/Src/stm32l0xx_hal_rcc.o
 .comment       0x000000000000007b       0x7c Drivers/STM32L0xx_HAL_Driver/Src/stm32l0xx_hal_rcc_ex.o
 .comment       0x000000000000007b       0x7c Drivers/STM32L0xx_HAL_Driver/Src/stm32l0xx_hal_spi.o
 .comment       0x000000000000007b       0x7c Drivers/STM32L0xx_HAL_Driver/Src/stm32l0xx_hal_tim.o
 .comment       0x000000000000007b       0x7c Drivers/STM32L0xx_HAL_Driver/Src/stm32l0xx_hal_tim_ex.o
 .comment       0x000000000000007b       0x7c Drivers/STM32L0xx_HAL_Driver/Src/stm32l0xx_hal_uart.o
 .comment       0x000000000000007b       0x7c Drivers/STM32L0xx_HAL_Driver/Src/stm32l0xx_hal_uart_ex.o

.debug_frame    0x0000000000000000     0x2f5c
 .debug_frame   0x0000000000000000       0xd0 Core/Src/data_queue.o
 .debug_frame   0x00000000000000d0      0x1f0 Core/Src/main.o
 .debug_frame   0x00000000000002c0       0xec Core/Src/stm32l0xx_hal_msp.o
 .debug_frame   0x00000000000003ac       0xd4 Core/Src/stm32l0xx_it.o
 .debug_frame   0x0000000000000480       0x4c Core/Src/system_stm32l0xx.o
 .debug_frame   0x00000000000004cc      0x338 Drivers/STM32L0xx_HAL_Driver/Src/stm32l0xx_hal.o
 .debug_frame   0x0000000000000804      0x2fc Drivers/STM32L0xx_HAL_Driver/Src/stm32l0xx_hal_cortex.o
 .debug_frame   0x0000000000000b00      0x1b0 Drivers/STM32L0xx_HAL_Driver/Src/stm32l0xx_hal_dma.o
 .debug_frame   0x0000000000000cb0      0x110 Drivers/STM32L0xx_HAL_Driver/Src/stm32l0xx_hal_gpio.o
 .debug_frame   0x0000000000000dc0      0x1a4 Drivers/STM32L0xx_HAL_Driver/Src/stm32l0xx_hal_rcc.o
 .debug_frame   0x0000000000000f64       0xfc Drivers/STM32L0xx_HAL_Driver/Src/stm32l0xx_hal_rcc_ex.o
 .debug_frame   0x0000000000001060      0x6f0 Drivers/STM32L0xx_HAL_Driver/Src/stm32l0xx_hal_spi.o
 .debug_frame   0x0000000000001750      0xe50 Drivers/STM32L0xx_HAL_Driver/Src/stm32l0xx_hal_tim.o
 .debug_frame   0x00000000000025a0       0x50 Drivers/STM32L0xx_HAL_Driver/Src/stm32l0xx_hal_tim_ex.o
 .debug_frame   0x00000000000025f0      0x794 Drivers/STM32L0xx_HAL_Driver/Src/stm32l0xx_hal_uart.o
 .debug_frame   0x0000000000002d84      0x130 Drivers/STM32L0xx_HAL_Driver/Src/stm32l0xx_hal_uart_ex.o
 .debug_frame   0x0000000000002eb4       0x2c c:/st/stm32cubeide_1.3.0/stm32cubeide/plugins/com.st.stm32cube.ide.mcu.externaltools.gnu-tools-for-stm32.7-2018-q2-update.win32_1.0.0.201904181610/tools/bin/../lib/gcc/arm-none-eabi/7.3.1/../../../../arm-none-eabi/lib/thumb/v6-m\libc_nano.a(lib_a-init.o)
 .debug_frame   0x0000000000002ee0       0x20 c:/st/stm32cubeide_1.3.0/stm32cubeide/plugins/com.st.stm32cube.ide.mcu.externaltools.gnu-tools-for-stm32.7-2018-q2-update.win32_1.0.0.201904181610/tools/bin/../lib/gcc/arm-none-eabi/7.3.1/../../../../arm-none-eabi/lib/thumb/v6-m\libc_nano.a(lib_a-memset.o)
 .debug_frame   0x0000000000002f00       0x20 c:/st/stm32cubeide_1.3.0/stm32cubeide/plugins/com.st.stm32cube.ide.mcu.externaltools.gnu-tools-for-stm32.7-2018-q2-update.win32_1.0.0.201904181610/tools/bin/../lib/gcc/arm-none-eabi/7.3.1/thumb/v6-m\libgcc.a(_udivsi3.o)
 .debug_frame   0x0000000000002f20       0x3c c:/st/stm32cubeide_1.3.0/stm32cubeide/plugins/com.st.stm32cube.ide.mcu.externaltools.gnu-tools-for-stm32.7-2018-q2-update.win32_1.0.0.201904181610/tools/bin/../lib/gcc/arm-none-eabi/7.3.1/thumb/v6-m\libgcc.a(_udivmoddi4.o)
