main.c:110:5:main	24	static
main.c:249:8:HAL_UART_RxCpltCallback	24	static
main.c:263:8:HAL_UART_TxCpltCallback	16	static
main.c:274:8:HAL_UART_AbortReceiveCpltCallback	16	static
main.c:285:8:HAL_TIM_PeriodElapsedCallback	16	static
main.c:303:6:SystemClock_Config	120	static
main.c:351:13:MX_SPI2_Init	8	static
main.c:389:13:MX_TIM2_Init	32	static
main.c:434:13:MX_USART1_UART_Init	8	static
main.c:469:13:MX_USART2_UART_Init	8	static
main.c:504:13:MX_GPIO_Init	56	static
main.c:528:6:bma400_init	24	static
main.c:560:6:bc95_init	144	static
main.c:571:6:init_bc95_interface	24	static
main.c:586:6:Error_Handler	8	static
