main.c:110:5:main	8	static
main.c:221:8:HAL_UART_RxCpltCallback	16	static
main.c:231:8:HAL_UART_TxCpltCallback	16	static
main.c:242:8:HAL_UART_AbortReceiveCpltCallback	16	static
main.c:253:8:HAL_TIM_PeriodElapsedCallback	16	static
main.c:271:6:SystemClock_Config	120	static
main.c:319:13:MX_SPI2_Init	8	static
main.c:357:13:MX_TIM2_Init	32	static
main.c:402:13:MX_USART1_UART_Init	8	static
main.c:437:13:MX_USART2_UART_Init	8	static
main.c:472:13:MX_GPIO_Init	56	static
main.c:496:6:bma400_init	24	static
main.c:528:6:bc95_init	144	static
main.c:539:6:init_bc95_interface	24	static
main.c:554:6:Error_Handler	8	static
